[2026-10-01T06:39:53.835Z] Message archive job scheduled to run every 5 minutes (testing mode)
[2026-10-01T11:28:36.814Z] Message archive job scheduled to run every 5 minutes (testing mode)
[2026-10-01T12:49:06.862Z] Message archive job scheduled to run every 24 hours
[2026-10-01T12:56:17.016Z] Message archive job scheduled to run every 24 hours
[2026-10-01T12:58:24.825Z] Message archive job scheduled to run every 24 hours
[2026-10-01T13:10:55.547Z] Message archive job scheduled to run every 24 hours
[2026-10-01T13:19:08.451Z] Message archive job scheduled to run every 24 hours
[2026-10-01T13:19:20.693Z] Message archive job scheduled to run every 24 hours
[2026-10-01T13:19:32.307Z] Message archive job scheduled to run every 24 hours
[2026-10-01T15:33:28.913Z] Message archive job scheduled to run every 24 hours
[2026-10-01T16:22:17.437Z] Message archive job scheduled to run every 24 hours
[2026-10-01T16:22:23.793Z] Message archive job scheduled to run every 24 hours
[2026-10-01T16:22:32.840Z] Message archive job scheduled to run every 24 hours
[2026-10-01T16:23:07.815Z] Message archive job scheduled to run every 24 hours
[2026-10-01T16:23:16.661Z] Message archive job scheduled to run every 24 hours
[2026-10-01T16:29:17.358Z] Message archive job scheduled to run every 24 hours
[2026-10-01T16:34:12.356Z] Message archive job scheduled to run every 24 hours
[2026-10-01T18:30:00.135Z] Archive job started, cutoff: 2026-09-30T18:30:00.135Z
[2026-10-01T18:30:00.253Z] Archived 0 private messages
[2026-10-01T18:30:00.266Z] Archived 0 group messages
[2026-10-01T18:30:00.267Z] Archive job finished
[2026-10-02T01:54:47.661Z] Message archive job scheduled to run every 24 hours
[2026-10-02T01:59:41.386Z] Message archive job scheduled to run every 24 hours
[2026-10-02T02:28:17.253Z] Message archive job scheduled to run every 24 hours
[2026-10-02T02:33:02.017Z] Message archive job scheduled to run every 24 hours
[2026-10-02T02:43:11.671Z] Message archive job scheduled to run every 24 hours
[2026-10-02T02:46:51.813Z] Message archive job scheduled to run every 24 hours
[2026-10-02T03:07:46.599Z] Message archive job scheduled to run every 24 hours
[2026-10-02T03:27:29.764Z] Message archive job scheduled to run every 24 hours
[2026-10-02T03:28:43.639Z] Message archive job scheduled to run every 24 hours
[2026-10-02T10:22:11.041Z] Message archive job scheduled to run every 24 hours
[2026-10-05T13:30:02.168Z] Message archive job scheduled to run every 24 hours
[2026-10-05T13:42:33.721Z] Message archive job scheduled to run every 24 hours
[2026-10-05T13:52:39.165Z] Message archive job scheduled to run every 24 hours
[2026-10-05T13:54:10.994Z] Message archive job scheduled to run every 24 hours
[2026-10-05T14:11:03.929Z] Message archive job scheduled to run every 24 hours
[2026-10-05T14:11:03.930Z] Archive job started, cutoff: 2026-10-04T14:11:03.930Z
[2026-10-05T14:11:03.986Z] Archived 3 private messages
[2026-10-05T14:11:04.009Z] Archived 6 group messages
[2026-10-05T14:11:04.009Z] Archive job finished
[2026-10-05T14:14:08.287Z] Message archive job scheduled to run every 24 hours
[2026-10-05T14:14:08.288Z] Archive job started, cutoff: 2026-10-04T14:14:08.288Z
[2026-10-05T14:14:08.306Z] Archived 0 private messages
[2026-10-05T14:14:08.311Z] Archived 0 group messages
[2026-10-05T14:14:08.313Z] Archive job finished
[2026-10-05T14:16:29.568Z] Message archive job scheduled to run every 24 hours
[2026-10-05T14:16:29.568Z] Archive job started, cutoff: 2026-10-04T14:16:29.568Z
[2026-10-05T14:16:29.578Z] Archived 0 private messages
[2026-10-05T14:16:29.588Z] Archived 0 group messages
[2026-10-05T14:16:29.588Z] Archive job finished
[2026-10-05T14:16:49.010Z] Message archive job scheduled to run every 24 hours
[2026-10-05T14:16:49.010Z] Archive job started, cutoff: 2026-10-04T14:16:49.010Z
[2026-10-05T14:16:49.020Z] Archived 0 private messages
[2026-10-05T14:16:49.023Z] Archived 0 group messages
[2026-10-05T14:16:49.023Z] Archive job finished
[2026-10-06T15:40:16.489Z] Message archive job scheduled to run every 24 hours
[2026-10-06T15:40:16.492Z] Archive job started, cutoff: 2026-10-05T15:40:16.492Z
[2026-10-06T15:40:16.556Z] Archived 0 private messages
[2026-10-06T15:40:16.615Z] Archived 0 group messages
[2026-10-06T15:40:16.623Z] Archive job finished
[2026-10-06T15:54:56.761Z] Message archive job scheduled to run every 24 hours
[2026-10-06T15:54:56.763Z] Archive job started, cutoff: 2026-10-05T15:54:56.763Z
[2026-10-06T15:54:56.821Z] Archived 0 group messages
[2026-10-06T15:54:56.796Z] Archived 0 private messages
[2026-10-06T15:54:56.826Z] Archive job finished
[2026-10-06T16:03:56.554Z] Message archive job scheduled to run every 24 hours
[2026-10-06T16:03:56.555Z] Archive job started, cutoff: 2026-10-05T16:03:56.555Z
[2026-10-06T16:03:56.565Z] Archived 0 private messages
[2026-10-06T16:03:56.569Z] Archived 0 group messages
[2026-10-06T16:03:56.569Z] Archive job finished
